
> lookupapp@0.0.0 build
> docusaurus build

[INFO] Website will be built for all these locales: 
- en
- es
[INFO] [en] Creating an optimized production build...
[90m[[90mwebpackbar[90m][39m [36mΓä╣[39m Compiling Client
[90m[[90mwebpackbar[90m][39m [36mΓä╣[39m Compiling Server
[90m[[90mwebpackbar[90m][39m [32mΓ£ö[39m Server: Compiled successfully in 3.30s
[90m[[90mwebpackbar[90m][39m [32mΓ£ö[39m Client: Compiled successfully in 6.66s
[SUCCESS] Generated static files in "build".
[INFO] [es] Creating an optimized production build...
node.exe : [WARNING] 
Cannot infer the 
update date for some 
files, as they are 
not tracked by git.
At C:\Program Files\n
odejs\npm.ps1:29 
char:3
+   & $NODE_EXE 
$NPM_CLI_JS $args
+   ~~~~~~~~~~~~~~~~~
~~~~~~~~~~~~
    + CategoryInfo   
           : NotSpe  
  cified: ([WARNIN   
 G] Canno...track    
ed by git.:Strin    
g) [], RemoteExc    
eption
    + FullyQualified 
   ErrorId : Native  
  CommandError
 
[90m[[90mwebpackbar[90m][39m [36mΓä╣[39m Compiling Client
[90m[[90mwebpackbar[90m][39m [36mΓä╣[39m Compiling Server
[90m[[90mwebpackbar[90m][39m [32mΓ£ö[39m Server: Compiled successfully in 2.92s
[90m[[90mwebpackbar[90m][39m [32mΓ£ö[39m Client: Compiled successfully in 7.43s

[ERROR] Error: 
Unable to build 
website for locale 
es.
    at 
tryToBuildLocale (C:\
Users\abhil\OneDrive\
Documents\GitHub\look
upapp\node_modules\@d
ocusaurus\core\lib\co
mmands\build\build.js
:83:15)
    at async C:\Users
\abhil\OneDrive\Docum
ents\GitHub\lookupapp
\node_modules\@docusa
urus\core\lib\command
s\build\build.js:35:9
    at async 
mapAsyncSequential (C
:\Users\abhil\OneDriv
e\Documents\GitHub\lo
okupapp\node_modules\
@docusaurus\utils\lib
\jsUtils.js:21:24)
    at async 
Command.build (C:\Use
rs\abhil\OneDrive\Doc
uments\GitHub\lookupa
pp\node_modules\@docu
saurus\core\lib\comma
nds\build\build.js:34
:5)
    at async 
Promise.all (index 0)
    at async runCLI (
C:\Users\abhil\OneDri
ve\Documents\GitHub\l
ookupapp\node_modules
\@docusaurus\core\lib
\commands\cli.js:56:5
)
    at async file:///
C:/Users/abhil/OneDri
ve/Documents/GitHub/l
ookupapp/node_modules
/@docusaurus/core/bin
/docusaurus.mjs:44:3 
{
  [cause]: Error: 
Docusaurus found 
broken links!
  
  Please check the 
pages of your site 
in the list below, 
and make sure you 
don't reference any 
path that does not 
exist.
  Note: it's 
possible to ignore 
broken links with 
the 'onBrokenLinks' 
Docusaurus 
configuration, and 
let the build pass.
  
  It looks like some 
of the broken links 
we found appear in 
many pages of your 
site.
  Maybe those broken 
links appear on all 
pages through your 
site layout?
  We recommend that 
you check your theme 
configuration for 
such links 
(particularly, theme 
navbar and footer).
  Frequent broken 
links are linking to:
  - /docs/es/docs/cat
egory/tax-identificat
ion-number
  
  Exhaustive list of 
all broken links 
found:
  - Broken link on 
source page path = 
/docs/es/404.html:
     -> linking to /d
ocs/es/docs/category/
tax-identification-nu
mber
  - Broken link on 
source page path = 
/docs/es/blog:
     -> linking to /d
ocs/es/docs/category/
tax-identification-nu
mber
  - Broken link on 
source page path = /d
ocs/es/blog/about-loo
kuptax-open-source-ta
x:
     -> linking to /d
ocs/es/docs/category/
tax-identification-nu
mber
  - Broken link on 
source page path = /d
ocs/es/blog/archive:
     -> linking to /d
ocs/es/docs/category/
tax-identification-nu
mber
  - Broken link on 
source page path = /d
ocs/es/blog/authors:
     -> linking to /d
ocs/es/docs/category/
tax-identification-nu
mber
  - Broken link on 
source page path = /d
ocs/es/blog/free-vat-
number-check:
     -> linking to /d
ocs/es/docs/category/
tax-identification-nu
mber
  - Broken link on 
source page path = /d
ocs/es/blog/guide-to-
vat-vies-vat-validati
on:
     -> linking to /d
ocs/es/docs/category/
tax-identification-nu
mber
  - Broken link on 
source page path = 
/docs/es/blog/tags:
     -> linking to /d
ocs/es/docs/category/
tax-identification-nu
mber
  - Broken link on 
source page path = /d
ocs/es/blog/tags/abou
t-lookuptax:
     -> linking to /d
ocs/es/docs/category/
tax-identification-nu
mber
  - Broken link on 
source page path = /d
ocs/es/blog/tags/look
upapp:
     -> linking to /d
ocs/es/docs/category/
tax-identification-nu
mber
  - Broken link on 
source page path = /d
ocs/es/blog/tags/vat-
vies:
     -> linking to /d
ocs/es/docs/category/
tax-identification-nu
mber
  - Broken link on 
source page path = /d
ocs/es/blog/vat-numbe
r-check-api:
     -> linking to /d
ocs/es/docs/check-vat
-number-free-links-to
-official-national-da
tabase-search-VAT-num
ber
     -> linking to /d
ocs/es/docs/category/
tax-identification-nu
mber
  - Broken link on 
source page path = 
/docs/es/contact-us:
     -> linking to /d
ocs/es/docs/category/
tax-identification-nu
mber
  - Broken link on 
source page path = /d
ocs/es/privacy-policy
:
     -> linking to /d
ocs/es/docs/category/
tax-identification-nu
mber
  - Broken link on 
source page path = /d
ocs/es/terms-conditio
ns:
     -> linking to /d
ocs/es/docs/category/
tax-identification-nu
mber
  - Broken link on 
source page path = 
/docs/es/:
     -> linking to /d
ocs/es/docs/category/
tax-identification-nu
mber
  - Broken link on 
source page path = 
/docs/es/tags:
     -> linking to /d
ocs/es/docs/category/
tax-identification-nu
mber
  - Broken link on 
source page path = 
/docs/es/tags/abn:
     -> linking to /d
ocs/es/docs/category/
tax-identification-nu
mber
  - Broken link on 
source page path = /d
ocs/es/tags/abn-looku
p:
     -> linking to /d
ocs/es/docs/category/
tax-identification-nu
mber
  - Broken link on 
source page path = 
/docs/es/tags/acn:
     -> linking to /d
ocs/es/docs/category/
tax-identification-nu
mber
  - Broken link on 
source page path = 
/docs/es/tags/afip:
     -> linking to /d
ocs/es/docs/category/
tax-identification-nu
mber
  - Broken link on 
source page path = /d
ocs/es/tags/albania:
     -> linking to /d
ocs/es/docs/category/
tax-identification-nu
mber
  - Broken link on 
source page path = /d
ocs/es/tags/andorra:
     -> linking to /d
ocs/es/docs/category/
tax-identification-nu
mber
  - Broken link on 
source page path = /d
ocs/es/tags/anguilla:
     -> linking to /d
ocs/es/docs/category/
tax-identification-nu
mber
  - Broken link on 
source page path = /d
ocs/es/tags/argentina
:
     -> linking to /d
ocs/es/docs/category/
tax-identification-nu
mber
  - Broken link on 
source page path = /d
ocs/es/tags/armenia:
     -> linking to /d
ocs/es/docs/category/
tax-identification-nu
mber
  - Broken link on 
source page path = 
/docs/es/tags/aruba:
     -> linking to /d
ocs/es/docs/category/
tax-identification-nu
mber
  - Broken link on 
source page path = /d
ocs/es/tags/australia
:
     -> linking to /d
ocs/es/docs/category/
tax-identification-nu
mber
  - Broken link on 
source page path = /d
ocs/es/tags/austria:
     -> linking to /d
ocs/es/docs/category/
tax-identification-nu
mber
  - Broken link on 
source page path = /d
ocs/es/tags/azerbaija
n:
     -> linking to /d
ocs/es/docs/category/
tax-identification-nu
mber
  - Broken link on 
source page path = /d
ocs/es/tags/banglades
h:
     -> linking to /d
ocs/es/docs/category/
tax-identification-nu
mber
  - Broken link on 
source page path = /d
ocs/es/tags/barbados:
     -> linking to /d
ocs/es/docs/category/
tax-identification-nu
mber
  - Broken link on 
source page path = /d
ocs/es/tags/belarus:
     -> linking to /d
ocs/es/docs/category/
tax-identification-nu
mber
  - Broken link on 
source page path = /d
ocs/es/tags/belgium:
     -> linking to /d
ocs/es/docs/category/
tax-identification-nu
mber
  - Broken link on 
source page path = 
/docs/es/tags/belize:
     -> linking to /d
ocs/es/docs/category/
tax-identification-nu
mber
  - Broken link on 
source page path = 
/docs/es/tags/bin:
     -> linking to /d
ocs/es/docs/category/
tax-identification-nu
mber
  - Broken link on 
source page path = 
/docs/es/tags/bl:
     -> linking to /d
ocs/es/docs/category/
tax-identification-nu
mber
  - Broken link on 
source page path = 
/docs/es/tags/bn:
     -> linking to /d
ocs/es/docs/category/
tax-identification-nu
mber
  - Broken link on 
source page path = /d
ocs/es/tags/bolivia:
     -> linking to /d
ocs/es/docs/category/
tax-identification-nu
mber
  - Broken link on 
source page path = 
/docs/es/tags/bosnia:
     -> linking to /d
ocs/es/docs/category/
tax-identification-nu
mber
  - Broken link on 
source page path = 
/docs/es/tags/brazil:
     -> linking to /d
ocs/es/docs/category/
tax-identification-nu
mber
  - Broken link on 
source page path = /d
ocs/es/tags/brunei-da
russalam:
     -> linking to /d
ocs/es/docs/category/
tax-identification-nu
mber
  - Broken link on 
source page path = /d
ocs/es/tags/bulgaria:
     -> linking to /d
ocs/es/docs/category/
tax-identification-nu
mber
  - Broken link on 
source page path = /d
ocs/es/tags/californi
a:
     -> linking to /d
ocs/es/docs/category/
tax-identification-nu
mber
  - Broken link on 
source page path = /d
ocs/es/tags/call-off-
stock:
     -> linking to /d
ocs/es/docs/category/
tax-identification-nu
mber
  - Broken link on 
source page path = 
/docs/es/tags/canada:
     -> linking to /d
ocs/es/docs/category/
tax-identification-nu
mber
  - Broken link on 
source page path = 
/docs/es/tags/chile:
     -> linking to /d
ocs/es/docs/category/
tax-identification-nu
mber
  - Broken link on 
source page path = 
/docs/es/tags/china:
     -> linking to /d
ocs/es/docs/category/
tax-identification-nu
mber
  - Broken link on 
source page path = /d
ocs/es/tags/clearance
-model:
     -> linking to /d
ocs/es/docs/category/
tax-identification-nu
mber
  - Broken link on 
source page path = 
/docs/es/tags/cnpj:
     -> linking to /d
ocs/es/docs/category/
tax-identification-nu
mber
  - Broken link on 
source page path = /d
ocs/es/tags/colombia:
     -> linking to /d
ocs/es/docs/category/
tax-identification-nu
mber
  - Broken link on 
source page path = /d
ocs/es/tags/consumpti
on-tax:
     -> linking to /d
ocs/es/docs/category/
tax-identification-nu
mber
  - Broken link on 
source page path = /d
ocs/es/tags/cook-isla
nds:
     -> linking to /d
ocs/es/docs/category/
tax-identification-nu
mber
  - Broken link on 
source page path = /d
ocs/es/tags/costa-ric
a:
     -> linking to /d
ocs/es/docs/category/
tax-identification-nu
mber
  - Broken link on 
source page path = 
/docs/es/tags/cpf:
     -> linking to /d
ocs/es/docs/category/
tax-identification-nu
mber
  - Broken link on 
source page path = 
/docs/es/tags/cr:
     -> linking to /d
ocs/es/docs/category/
tax-identification-nu
mber
  - Broken link on 
source page path = 
/docs/es/tags/crib:
     -> linking to /d
ocs/es/docs/category/
tax-identification-nu
mber
  - Broken link on 
source page path = /d
ocs/es/tags/croatia:
     -> linking to /d
ocs/es/docs/category/
tax-identification-nu
mber
  - Broken link on 
source page path = 
/docs/es/tags/cuba:
     -> linking to /d
ocs/es/docs/category/
tax-identification-nu
mber
  - Broken link on 
source page path = 
/docs/es/tags/cuit:
     -> linking to /d
ocs/es/docs/category/
tax-identification-nu
mber
  - Broken link on 
source page path = /d
ocs/es/tags/curacao:
     -> linking to /d
ocs/es/docs/category/
tax-identification-nu
mber
  - Broken link on 
source page path = 
/docs/es/tags/curp:
     -> linking to /d
ocs/es/docs/category/
tax-identification-nu
mber
  - Broken link on 
source page path = 
/docs/es/tags/cvr:
     -> linking to /d
ocs/es/docs/category/
tax-identification-nu
mber
  - Broken link on 
source page path = 
/docs/es/tags/cyprus:
     -> linking to /d
ocs/es/docs/category/
tax-identification-nu
mber
  - Broken link on 
source page path = 
/docs/es/tags/czech:
     -> linking to /d
ocs/es/docs/category/
tax-identification-nu
mber
  - Broken link on 
source page path = /d
ocs/es/tags/czechia:
     -> linking to /d
ocs/es/docs/category/
tax-identification-nu
mber
  - Broken link on 
source page path = 
/docs/es/tags/dac-7:
     -> linking to /d
ocs/es/docs/category/
tax-identification-nu
mber
  - Broken link on 
source page path = /d
ocs/es/tags/denmark:
     -> linking to /d
ocs/es/docs/category/
tax-identification-nu
mber
  - Broken link on 
source page path = 
/docs/es/tags/dgi:
     -> linking to /d
ocs/es/docs/category/
tax-identification-nu
mber
  - Broken link on 
source page path = 
/docs/es/tags/dian:
     -> linking to /d
ocs/es/docs/category/
tax-identification-nu
mber
  - Broken link on 
source page path = 
/docs/es/tags/dic:
     -> linking to /d
ocs/es/docs/category/
tax-identification-nu
mber
  - Broken link on 
source page path = /d
ocs/es/tags/distance-
selling:
     -> linking to /d
ocs/es/docs/category/
tax-identification-nu
mber
  - Broken link on 
source page path = 
/docs/es/tags/dni:
     -> linking to /d
ocs/es/docs/category/
tax-identification-nu
mber
  - Broken link on 
source page path = /d
ocs/es/tags/dominica:
     -> linking to /d
ocs/es/docs/category/
tax-identification-nu
mber
  - Broken link on 
source page path = /d
ocs/es/tags/dominican
-republic:
     -> linking to /d
ocs/es/docs/category/
tax-identification-nu
mber
  - Broken link on 
source page path = /d
ocs/es/tags/drivers-l
icense:
     -> linking to /d
ocs/es/docs/category/
tax-identification-nu
mber
  - Broken link on 
source page path = /d
ocs/es/tags/ecuador:
     -> linking to /d
ocs/es/docs/category/
tax-identification-nu
mber
  - Broken link on 
source page path = 
/docs/es/tags/egypt:
     -> linking to /d
ocs/es/docs/category/
tax-identification-nu
mber
  - Broken link on 
source page path = 
/docs/es/tags/ein:
     -> linking to /d
ocs/es/docs/category/
tax-identification-nu
mber
  - Broken link on 
source page path = /d
ocs/es/tags/einvoice:
     -> linking to /d
ocs/es/docs/category/
tax-identification-nu
mber
  - Broken link on 
source page path = /d
ocs/es/tags/einvoice-
on-sez:
     -> linking to /d
ocs/es/docs/category/
tax-identification-nu
mber
  - Broken link on 
source page path = /d
ocs/es/tags/einvoicin
g:
     -> linking to /d
ocs/es/docs/category/
tax-identification-nu
mber
  - Broken link on 
source page path = /d
ocs/es/tags/einvoicin
g-network:
     -> linking to /d
ocs/es/docs/category/
tax-identification-nu
mber
  - Broken link on 
source page path = /d
ocs/es/tags/einvoivin
g-network:
     -> linking to /d
ocs/es/docs/category/
tax-identification-nu
mber
  - Broken link on 
source page path = /d
ocs/es/tags/el-salvad
or:
     -> linking to /d
ocs/es/docs/category/
tax-identification-nu
mber
  - Broken link on 
source page path = /d
ocs/es/tags/electroni
c-invoice:
     -> linking to /d
ocs/es/docs/category/
tax-identification-nu
mber
  - Broken link on 
source page path = /d
ocs/es/tags/enterpris
e-number:
     -> linking to /d
ocs/es/docs/category/
tax-identification-nu
mber
  - Broken link on 
source page path = 
/docs/es/tags/eori:
     -> linking to /d
ocs/es/docs/category/
tax-identification-nu
mber
  - Broken link on 
source page path = /d
ocs/es/tags/estonia:
     -> linking to /d
ocs/es/docs/category/
tax-identification-nu
mber
  - Broken link on 
source page path = 
/docs/es/tags/eu:
     -> linking to /d
ocs/es/docs/category/
tax-identification-nu
mber
  - Broken link on 
source page path = 
/docs/es/tags/eu-vat:
     -> linking to /d
ocs/es/docs/category/
tax-identification-nu
mber
  - Broken link on 
source page path = /d
ocs/es/tags/explainer
:
     -> linking to /d
ocs/es/docs/category/
tax-identification-nu
mber
  - Broken link on 
source page path = /d
ocs/es/tags/faroe-isl
ands:
     -> linking to /d
ocs/es/docs/category/
tax-identification-nu
mber
  - Broken link on 
source page path = /d
ocs/es/tags/fatoora:
     -> linking to /d
ocs/es/docs/category/
tax-identification-nu
mber
  - Broken link on 
source page path = /d
ocs/es/tags/fik-numbe
r:
     -> linking to /d
ocs/es/docs/category/
tax-identification-nu
mber
  - Broken link on 
source page path = /d
ocs/es/tags/finland:
     -> linking to /d
ocs/es/docs/category/
tax-identification-nu
mber
  - Broken link on 
source page path = /d
ocs/es/tags/finnish-r
eference-number:
     -> linking to /d
ocs/es/docs/category/
tax-identification-nu
mber
  - Broken link on 
source page path = 
/docs/es/tags/france:
     -> linking to /d
ocs/es/docs/category/
tax-identification-nu
mber
  - Broken link on 
source page path = 
/docs/es/tags/gaap:
     -> linking to /d
ocs/es/docs/category/
tax-identification-nu
mber
  - Broken link on 
source page path = /d
ocs/es/tags/georgia:
     -> linking to /d
ocs/es/docs/category/
tax-identification-nu
mber
  - Broken link on 
source page path = /d
ocs/es/tags/germany:
     -> linking to /d
ocs/es/docs/category/
tax-identification-nu
mber
  - Broken link on 
source page path = 
/docs/es/tags/ghana:
     -> linking to /d
ocs/es/docs/category/
tax-identification-nu
mber
  - Broken link on 
source page path = /d
ocs/es/tags/gibraltar
:
     -> linking to /d
ocs/es/docs/category/
tax-identification-nu
mber
  - Broken link on 
source page path = 
/docs/es/tags/go-bd:
     -> linking to /d
ocs/es/docs/category/
tax-identification-nu
mber
  - Broken link on 
source page path = 
/docs/es/tags/greece:
     -> linking to /d
ocs/es/docs/category/
tax-identification-nu
mber
  - Broken link on 
source page path = /d
ocs/es/tags/greenland
:
     -> linking to /d
ocs/es/docs/category/
tax-identification-nu
mber
  - Broken link on 
source page path = /d
ocs/es/tags/grenada:
     -> linking to /d
ocs/es/docs/category/
tax-identification-nu
mber
  - Broken link on 
source page path = 
/docs/es/tags/gst:
     -> linking to /d
ocs/es/docs/category/
tax-identification-nu
mber
  - Broken link on 
source page path = /d
ocs/es/tags/gst-on-se
z:
     -> linking to /d
ocs/es/docs/category/
tax-identification-nu
mber
  - Broken link on 
source page path = /d
ocs/es/tags/gst-rates
:
     -> linking to /d
ocs/es/docs/category/
tax-identification-nu
mber
  - Broken link on 
source page path = /d
ocs/es/tags/gst-reg-n
o:
     -> linking to /d
ocs/es/docs/category/
tax-identification-nu
mber
  - Broken link on 
source page path = /d
ocs/es/tags/gst-regsi
tration:
     -> linking to /d
ocs/es/docs/category/
tax-identification-nu
mber
  - Broken link on 
source page path = 
/docs/es/tags/gstin:
     -> linking to /d
ocs/es/docs/category/
tax-identification-nu
mber
  - Broken link on 
source page path = /d
ocs/es/tags/gstin-sea
rch:
     -> linking to /d
ocs/es/docs/category/
tax-identification-nu
mber
  - Broken link on 
source page path = /d
ocs/es/tags/guatemala
:
     -> linking to /d
ocs/es/docs/category/
tax-identification-nu
mber
  - Broken link on 
source page path = /d
ocs/es/tags/guernsey:
     -> linking to /d
ocs/es/docs/category/
tax-identification-nu
mber
  - Broken link on 
source page path = 
/docs/es/tags/hipaa:
     -> linking to /d
ocs/es/docs/category/
tax-identification-nu
mber
  - Broken link on 
source page path = /d
ocs/es/tags/hong-kong
:
     -> linking to /d
ocs/es/docs/category/
tax-identification-nu
mber
  - Broken link on 
source page path = 
/docs/es/tags/hst:
     -> linking to /d
ocs/es/docs/category/
tax-identification-nu
mber
  - Broken link on 
source page path = /d
ocs/es/tags/hungary:
     -> linking to /d
ocs/es/docs/category/
tax-identification-nu
mber
  - Broken link on 
source page path = /d
ocs/es/tags/iceland:
     -> linking to /d
ocs/es/docs/category/
tax-identification-nu
mber
  - Broken link on 
source page path = 
/docs/es/tags/india:
     -> linking to /d
ocs/es/docs/category/
tax-identification-nu
mber
  - Broken link on 
source page path = /d
ocs/es/tags/indirecct
-taxes:
     -> linking to /d
ocs/es/docs/category/
tax-identification-nu
mber
  - Broken link on 
source page path = /d
ocs/es/tags/indirect-
tax:
     -> linking to /d
ocs/es/docs/category/
tax-identification-nu
mber
  - Broken link on 
source page path = /d
ocs/es/tags/indonesia
:
     -> linking to /d
ocs/es/docs/category/
tax-identification-nu
mber
  - Broken link on 
source page path = /d
ocs/es/tags/input-tax
-credit:
     -> linking to /d
ocs/es/docs/category/
tax-identification-nu
mber
  - Broken link on 
source page path = /d
ocs/es/tags/intrastat
:
     -> linking to /d
ocs/es/docs/category/
tax-identification-nu
mber
  - Broken link on 
source page path = 
/docs/es/tags/ioss:
     -> linking to /d
ocs/es/docs/category/
tax-identification-nu
mber
  - Broken link on 
source page path = 
/docs/es/tags/ird:
     -> linking to /d
ocs/es/docs/category/
tax-identification-nu
mber
  - Broken link on 
source page path = /d
ocs/es/tags/ireland:
     -> linking to /d
ocs/es/docs/category/
tax-identification-nu
mber
  - Broken link on 
source page path = 
/docs/es/tags/irp:
     -> linking to /d
ocs/es/docs/category/
tax-identification-nu
mber
  - Broken link on 
source page path = /d
ocs/es/tags/isle-of-m
an:
     -> linking to /d
ocs/es/docs/category/
tax-identification-nu
mber
  - Broken link on 
source page path = 
/docs/es/tags/israel:
     -> linking to /d
ocs/es/docs/category/
tax-identification-nu
mber
  - Broken link on 
source page path = 
/docs/es/tags/italy:
     -> linking to /d
ocs/es/docs/category/
tax-identification-nu
mber
  - Broken link on 
source page path = 
/docs/es/tags/itc:
     -> linking to /d
ocs/es/docs/category/
tax-identification-nu
mber
  - Broken link on 
source page path = 
/docs/es/tags/itin:
     -> linking to /d
ocs/es/docs/category/
tax-identification-nu
mber
  - Broken link on 
source page path = /d
ocs/es/tags/jamaica:
     -> linking to /d
ocs/es/docs/category/
tax-identification-nu
mber
  - Broken link on 
source page path = 
/docs/es/tags/japan:
     -> linking to /d
ocs/es/docs/category/
tax-identification-nu
mber
  - Broken link on 
source page path = 
/docs/es/tags/jersey:
     -> linking to /d
ocs/es/docs/category/
tax-identification-nu
mber
  - Broken link on 
source page path = /d
ocs/es/tags/kazakhsta
n:
     -> linking to /d
ocs/es/docs/category/
tax-identification-nu
mber
  - Broken link on 
source page path = 
/docs/es/tags/kenya:
     -> linking to /d
ocs/es/docs/category/
tax-identification-nu
mber
  - Broken link on 
source page path = /d
ocs/es/tags/kid-numbe
r:
     -> linking to /d
ocs/es/docs/category/
tax-identification-nu
mber
  - Broken link on 
source page path = 
/docs/es/tags/korea:
     -> linking to /d
ocs/es/docs/category/
tax-identification-nu
mber
  - Broken link on 
source page path = 
/docs/es/tags/ksa:
     -> linking to /d
ocs/es/docs/category/
tax-identification-nu
mber
  - Broken link on 
source page path = 
/docs/es/tags/kuwait:
     -> linking to /d
ocs/es/docs/category/
tax-identification-nu
mber
  - Broken link on 
source page path = /d
ocs/es/tags/kyrgyzsta
n:
     -> linking to /d
ocs/es/docs/category/
tax-identification-nu
mber
  - Broken link on 
source page path = 
/docs/es/tags/latvia:
     -> linking to /d
ocs/es/docs/category/
tax-identification-nu
mber
  - Broken link on 
source page path = /d
ocs/es/tags/lebanon:
     -> linking to /d
ocs/es/docs/category/
tax-identification-nu
mber
  - Broken link on 
source page path = /d
ocs/es/tags/liechtens
tein:
     -> linking to /d
ocs/es/docs/category/
tax-identification-nu
mber
  - Broken link on 
source page path = /d
ocs/es/tags/lithuania
:
     -> linking to /d
ocs/es/docs/category/
tax-identification-nu
mber
  - Broken link on 
source page path = /d
ocs/es/tags/luxembour
g:
     -> linking to /d
ocs/es/docs/category/
tax-identification-nu
mber
  - Broken link on 
source page path = 
/docs/es/tags/macao:
     -> linking to /d
ocs/es/docs/category/
tax-identification-nu
mber
  - Broken link on 
source page path = /d
ocs/es/tags/macedonia
:
     -> linking to /d
ocs/es/docs/category/
tax-identification-nu
mber
  - Broken link on 
source page path = /d
ocs/es/tags/malaysia:
     -> linking to /d
ocs/es/docs/category/
tax-identification-nu
mber
  - Broken link on 
source page path = /d
ocs/es/tags/maldives:
     -> linking to /d
ocs/es/docs/category/
tax-identification-nu
mber
  - Broken link on 
source page path = 
/docs/es/tags/malta:
     -> linking to /d
ocs/es/docs/category/
tax-identification-nu
mber
  - Broken link on 
source page path = /d
ocs/es/tags/marshall-
islands:
     -> linking to /d
ocs/es/docs/category/
tax-identification-nu
mber
  - Broken link on 
source page path = /d
ocs/es/tags/mauritius
:
     -> linking to /d
ocs/es/docs/category/
tax-identification-nu
mber
  - Broken link on 
source page path = 
/docs/es/tags/mexico:
     -> linking to /d
ocs/es/docs/category/
tax-identification-nu
mber
  - Broken link on 
source page path = 
/docs/es/tags/mf:
     -> linking to /d
ocs/es/docs/category/
tax-identification-nu
mber
  - Broken link on 
source page path = /d
ocs/es/tags/moldova:
     -> linking to /d
ocs/es/docs/category/
tax-identification-nu
mber
  - Broken link on 
source page path = 
/docs/es/tags/monaco:
     -> linking to /d
ocs/es/docs/category/
tax-identification-nu
mber
  - Broken link on 
source page path = /d
ocs/es/tags/montenegr
o:
     -> linking to /d
ocs/es/docs/category/
tax-identification-nu
mber
  - Broken link on 
source page path = /d
ocs/es/tags/morocco:
     -> linking to /d
ocs/es/docs/category/
tax-identification-nu
mber
  - Broken link on 
source page path = 
/docs/es/tags/mst:
     -> linking to /d
ocs/es/docs/category/
tax-identification-nu
mber
  - Broken link on 
source page path = 
/docs/es/tags/nauru:
     -> linking to /d
ocs/es/docs/category/
tax-identification-nu
mber
  - Broken link on 
source page path = /d
ocs/es/tags/netherlan
ds:
     -> linking to /d
ocs/es/docs/category/
tax-identification-nu
mber
  - Broken link on 
source page path = /d
ocs/es/tags/new-york:
     -> linking to /d
ocs/es/docs/category/
tax-identification-nu
mber
  - Broken link on 
source page path = /d
ocs/es/tags/new-zeala
nd:
     -> linking to /d
ocs/es/docs/category/
tax-identification-nu
mber
  - Broken link on 
source page path = 
/docs/es/tags/nexus:
     -> linking to /d
ocs/es/docs/category/
tax-identification-nu
mber
  - Broken link on 
source page path = /d
ocs/es/tags/nicaragua
:
     -> linking to /d
ocs/es/docs/category/
tax-identification-nu
mber
  - Broken link on 
source page path = 
/docs/es/tags/nif:
     -> linking to /d
ocs/es/docs/category/
tax-identification-nu
mber
  - Broken link on 
source page path = /d
ocs/es/tags/nigeria:
     -> linking to /d
ocs/es/docs/category/
tax-identification-nu
mber
  - Broken link on 
source page path = 
/docs/es/tags/nit:
     -> linking to /d
ocs/es/docs/category/
tax-identification-nu
mber
  - Broken link on 
source page path = /d
ocs/es/tags/northern-
ireland:
     -> linking to /d
ocs/es/docs/category/
tax-identification-nu
mber
  - Broken link on 
source page path = 
/docs/es/tags/norway:
     -> linking to /d
ocs/es/docs/category/
tax-identification-nu
mber
  - Broken link on 
source page path = 
/docs/es/tags/nric:
     -> linking to /d
ocs/es/docs/category/
tax-identification-nu
mber
  - Broken link on 
source page path = 
/docs/es/tags/nrt:
     -> linking to /d
ocs/es/docs/category/
tax-identification-nu
mber
  - Broken link on 
source page path = 
/docs/es/tags/nuis:
     -> linking to /d
ocs/es/docs/category/
tax-identification-nu
mber
  - Broken link on 
source page path = 
/docs/es/tags/nzbn:
     -> linking to /d
ocs/es/docs/category/
tax-identification-nu
mber
  - Broken link on 
source page path = /d
ocs/es/tags/ocr-numbe
r:
     -> linking to /d
ocs/es/docs/category/
tax-identification-nu
mber
  - Broken link on 
source page path = 
/docs/es/tags/oib:
     -> linking to /d
ocs/es/docs/category/
tax-identification-nu
mber
  - Broken link on 
source page path = 
/docs/es/tags/oidar:
     -> linking to /d
ocs/es/docs/category/
tax-identification-nu
mber
  - Broken link on 
source page path = 
/docs/es/tags/oman:
     -> linking to /d
ocs/es/docs/category/
tax-identification-nu
mber
  - Broken link on 
source page path = 
/docs/es/tags/oss:
     -> linking to /d
ocs/es/docs/category/
tax-identification-nu
mber
  - Broken link on 
source page path = /d
ocs/es/tags/pakistan:
     -> linking to /d
ocs/es/docs/category/
tax-identification-nu
mber
  - Broken link on 
source page path = 
/docs/es/tags/panama:
     -> linking to /d
ocs/es/docs/category/
tax-identification-nu
mber
  - Broken link on 
source page path = /d
ocs/es/tags/paraguay:
     -> linking to /d
ocs/es/docs/category/
tax-identification-nu
mber
  - Broken link on 
source page path = 
/docs/es/tags/peppol:
     -> linking to /d
ocs/es/docs/category/
tax-identification-nu
mber
  - Broken link on 
source page path = 
/docs/es/tags/peru:
     -> linking to /d
ocs/es/docs/category/
tax-identification-nu
mber
  - Broken link on 
source page path = /d
ocs/es/tags/philippin
es:
     -> linking to /d
ocs/es/docs/category/
tax-identification-nu
mber
  - Broken link on 
source page path = 
/docs/es/tags/poland:
     -> linking to /d
ocs/es/docs/category/
tax-identification-nu
mber
  - Broken link on 
source page path = /d
ocs/es/tags/portugal:
     -> linking to /d
ocs/es/docs/category/
tax-identification-nu
mber
  - Broken link on 
source page path = 
/docs/es/tags/pst:
     -> linking to /d
ocs/es/docs/category/
tax-identification-nu
mber
  - Broken link on 
source page path = 
/docs/es/tags/qatar:
     -> linking to /d
ocs/es/docs/category/
tax-identification-nu
mber
  - Broken link on 
source page path = 
/docs/es/tags/qcci:
     -> linking to /d
ocs/es/docs/category/
tax-identification-nu
mber
  - Broken link on 
source page path = /d
ocs/es/tags/qr-bill:
     -> linking to /d
ocs/es/docs/category/
tax-identification-nu
mber
  - Broken link on 
source page path = 
/docs/es/tags/qst:
     -> linking to /d
ocs/es/docs/category/
tax-identification-nu
mber
  - Broken link on 
source page path = 
/docs/es/tags/rates:
     -> linking to /d
ocs/es/docs/category/
tax-identification-nu
mber
  - Broken link on 
source page path = 
/docs/es/tags/rcm:
     -> linking to /d
ocs/es/docs/category/
tax-identification-nu
mber
  - Broken link on 
source page path = /d
ocs/es/tags/registrat
ion:
     -> linking to /d
ocs/es/docs/category/
tax-identification-nu
mber
  - Broken link on 
source page path = /d
ocs/es/tags/registrat
ion-number:
     -> linking to /d
ocs/es/docs/category/
tax-identification-nu
mber
  - Broken link on 
source page path = /d
ocs/es/tags/reverse-c
harge:
     -> linking to /d
ocs/es/docs/category/
tax-identification-nu
mber
  - Broken link on 
source page path = /d
ocs/es/tags/reverse-c
harge-mechanism:
     -> linking to /d
ocs/es/docs/category/
tax-identification-nu
mber
  - Broken link on 
source page path = 
/docs/es/tags/rfc:
     -> linking to /d
ocs/es/docs/category/
tax-identification-nu
mber
  - Broken link on 
source page path = 
/docs/es/tags/rif:
     -> linking to /d
ocs/es/docs/category/
tax-identification-nu
mber
  - Broken link on 
source page path = 
/docs/es/tags/rmd:
     -> linking to /d
ocs/es/docs/category/
tax-identification-nu
mber
  - Broken link on 
source page path = 
/docs/es/tags/rnc:
     -> linking to /d
ocs/es/docs/category/
tax-identification-nu
mber
  - Broken link on 
source page path = /d
ocs/es/tags/romania:
     -> linking to /d
ocs/es/docs/category/
tax-identification-nu
mber
  - Broken link on 
source page path = 
/docs/es/tags/ruc:
     -> linking to /d
ocs/es/docs/category/
tax-identification-nu
mber
  - Broken link on 
source page path = 
/docs/es/tags/russia:
     -> linking to /d
ocs/es/docs/category/
tax-identification-nu
mber
  - Broken link on 
source page path = 
/docs/es/tags/rut:
     -> linking to /d
ocs/es/docs/category/
tax-identification-nu
mber
  - Broken link on 
source page path = 
/docs/es/tags/saf-t:
     -> linking to /d
ocs/es/docs/category/
tax-identification-nu
mber
  - Broken link on 
source page path = /d
ocs/es/tags/saint-kit
ts-and-nevis:
     -> linking to /d
ocs/es/docs/category/
tax-identification-nu
mber
  - Broken link on 
source page path = /d
ocs/es/tags/saint-luc
ia:
     -> linking to /d
ocs/es/docs/category/
tax-identification-nu
mber
  - Broken link on 
source page path = /d
ocs/es/tags/sales-tax
:
     -> linking to /d
ocs/es/docs/category/
tax-identification-nu
mber
  - Broken link on 
source page path = 
/docs/es/tags/samoa:
     -> linking to /d
ocs/es/docs/category/
tax-identification-nu
mber
  - Broken link on 
source page path = /d
ocs/es/tags/san-marin
o:
     -> linking to /d
ocs/es/docs/category/
tax-identification-nu
mber
  - Broken link on 
source page path = 
/docs/es/tags/sat:
     -> linking to /d
ocs/es/docs/category/
tax-identification-nu
mber
  - Broken link on 
source page path = /d
ocs/es/tags/saudi-ara
bia:
     -> linking to /d
ocs/es/docs/category/
tax-identification-nu
mber
  - Broken link on 
source page path = 
/docs/es/tags/sdi:
     -> linking to /d
ocs/es/docs/category/
tax-identification-nu
mber
  - Broken link on 
source page path = 
/docs/es/tags/seniat:
     -> linking to /d
ocs/es/docs/category/
tax-identification-nu
mber
  - Broken link on 
source page path = 
/docs/es/tags/serbia:
     -> linking to /d
ocs/es/docs/category/
tax-identification-nu
mber
  - Broken link on 
source page path = /d
ocs/es/tags/seychelle
s:
     -> linking to /d
ocs/es/docs/category/
tax-identification-nu
mber
  - Broken link on 
source page path = 
/docs/es/tags/sez:
     -> linking to /d
ocs/es/docs/category/
tax-identification-nu
mber
  - Broken link on 
source page path = 
/docs/es/tags/sii:
     -> linking to /d
ocs/es/docs/category/
tax-identification-nu
mber
  - Broken link on 
source page path = /d
ocs/es/tags/singapore
:
     -> linking to /d
ocs/es/docs/category/
tax-identification-nu
mber
  - Broken link on 
source page path = /d
ocs/es/tags/sint-maar
ten:
     -> linking to /d
ocs/es/docs/category/
tax-identification-nu
mber
  - Broken link on 
source page path = 
/docs/es/tags/siren:
     -> linking to /d
ocs/es/docs/category/
tax-identification-nu
mber
  - Broken link on 
source page path = 
/docs/es/tags/siret:
     -> linking to /d
ocs/es/docs/category/
tax-identification-nu
mber
  - Broken link on 
source page path = /d
ocs/es/tags/slovakia:
     -> linking to /d
ocs/es/docs/category/
tax-identification-nu
mber
  - Broken link on 
source page path = 
/docs/es/tags/soc-2:
     -> linking to /d
ocs/es/docs/category/
tax-identification-nu
mber
  - Broken link on 
source page path = /d
ocs/es/tags/south-afr
ica:
     -> linking to /d
ocs/es/docs/category/
tax-identification-nu
mber
  - Broken link on 
source page path = 
/docs/es/tags/spain:
     -> linking to /d
ocs/es/docs/category/
tax-identification-nu
mber
  - Broken link on 
source page path = /d
ocs/es/tags/special-e
conomic-zones:
     -> linking to /d
ocs/es/docs/category/
tax-identification-nu
mber
  - Broken link on 
source page path = 
/docs/es/tags/sri:
     -> linking to /d
ocs/es/docs/category/
tax-identification-nu
mber
  - Broken link on 
source page path = 
/docs/es/tags/ssn:
     -> linking to /d
ocs/es/docs/category/
tax-identification-nu
mber
  - Broken link on 
source page path = 
/docs/es/tags/sst:
     -> linking to /d
ocs/es/docs/category/
tax-identification-nu
mber
  - Broken link on 
source page path = /d
ocs/es/tags/st-vincen
t-and-the-grenadines:
     -> linking to /d
ocs/es/docs/category/
tax-identification-nu
mber
  - Broken link on 
source page path = 
/docs/es/tags/sunat:
     -> linking to /d
ocs/es/docs/category/
tax-identification-nu
mber
  - Broken link on 
source page path = 
/docs/es/tags/sweden:
     -> linking to /d
ocs/es/docs/category/
tax-identification-nu
mber
  - Broken link on 
source page path = /d
ocs/es/tags/switzerla
nd:
     -> linking to /d
ocs/es/docs/category/
tax-identification-nu
mber
  - Broken link on 
source page path = 
/docs/es/tags/taiwan:
     -> linking to /d
ocs/es/docs/category/
tax-identification-nu
mber
  - Broken link on 
source page path = /d
ocs/es/tags/tax-card:
     -> linking to /d
ocs/es/docs/category/
tax-identification-nu
mber
  - Broken link on 
source page path = /d
ocs/es/tags/tax-looku
p:
     -> linking to /d
ocs/es/docs/category/
tax-identification-nu
mber
  - Broken link on 
source page path = /d
ocs/es/tags/tax-rates
:
     -> linking to /d
ocs/es/docs/category/
tax-identification-nu
mber
  - Broken link on 
source page path = /d
ocs/es/tags/tax-refun
ds:
     -> linking to /d
ocs/es/docs/category/
tax-identification-nu
mber
  - Broken link on 
source page path = 
/docs/es/tags/texas:
     -> linking to /d
ocs/es/docs/category/
tax-identification-nu
mber
  - Broken link on 
source page path = /d
ocs/es/tags/thailand:
     -> linking to /d
ocs/es/docs/category/
tax-identification-nu
mber
  - Broken link on 
source page path = 
/docs/es/tags/tin:
     -> linking to /d
ocs/es/docs/category/
tax-identification-nu
mber
  - Broken link on 
source page path = 
/docs/es/tags/trn:
     -> linking to /d
ocs/es/docs/category/
tax-identification-nu
mber
  - Broken link on 
source page path = /d
ocs/es/tags/tunisia:
     -> linking to /d
ocs/es/docs/category/
tax-identification-nu
mber
  - Broken link on 
source page path = /d
ocs/es/tags/turkiye:
     -> linking to /d
ocs/es/docs/category/
tax-identification-nu
mber
  - Broken link on 
source page path = 
/docs/es/tags/tva:
     -> linking to /d
ocs/es/docs/category/
tax-identification-nu
mber
  - Broken link on 
source page path = 
/docs/es/tags/uae:
     -> linking to /d
ocs/es/docs/category/
tax-identification-nu
mber
  - Broken link on 
source page path = 
/docs/es/tags/uen:
     -> linking to /d
ocs/es/docs/category/
tax-identification-nu
mber
  - Broken link on 
source page path = 
/docs/es/tags/uic:
     -> linking to /d
ocs/es/docs/category/
tax-identification-nu
mber
  - Broken link on 
source page path = 
/docs/es/tags/uid:
     -> linking to /d
ocs/es/docs/category/
tax-identification-nu
mber
  - Broken link on 
source page path = 
/docs/es/tags/uk:
     -> linking to /d
ocs/es/docs/category/
tax-identification-nu
mber
  - Broken link on 
source page path = /d
ocs/es/tags/united-ar
ab-emirates:
     -> linking to /d
ocs/es/docs/category/
tax-identification-nu
mber
  - Broken link on 
source page path = /d
ocs/es/tags/united-ki
ngdom:
     -> linking to /d
ocs/es/docs/category/
tax-identification-nu
mber
  - Broken link on 
source page path = /d
ocs/es/tags/united-st
ates:
     -> linking to /d
ocs/es/docs/category/
tax-identification-nu
mber
  - Broken link on 
source page path = 
/docs/es/tags/unp:
     -> linking to /d
ocs/es/docs/category/
tax-identification-nu
mber
  - Broken link on 
source page path = /d
ocs/es/tags/uruguay:
     -> linking to /d
ocs/es/docs/category/
tax-identification-nu
mber
  - Broken link on 
source page path = /d
ocs/es/tags/uzbekista
n:
     -> linking to /d
ocs/es/docs/category/
tax-identification-nu
mber
  - Broken link on 
source page path = 
/docs/es/tags/vat:
     -> linking to /d
ocs/es/docs/category/
tax-identification-nu
mber
  - Broken link on 
source page path = 
/docs/es/tags/vat-id:
     -> linking to /d
ocs/es/docs/category/
tax-identification-nu
mber
  - Broken link on 
source page path = /d
ocs/es/tags/vat-id-se
arch:
     -> linking to /d
ocs/es/docs/category/
tax-identification-nu
mber
  - Broken link on 
source page path = /d
ocs/es/tags/vat-listi
ngs:
     -> linking to /d
ocs/es/docs/category/
tax-identification-nu
mber
  - Broken link on 
source page path = /d
ocs/es/tags/vat-looku
p:
     -> linking to /d
ocs/es/docs/category/
tax-identification-nu
mber
  - Broken link on 
source page path = /d
ocs/es/tags/vat-numbe
r:
     -> linking to /d
ocs/es/docs/category/
tax-identification-nu
mber
  - Broken link on 
source page path = /d
ocs/es/tags/vat-numbe
r-lookup:
     -> linking to /d
ocs/es/docs/category/
tax-identification-nu
mber
  - Broken link on 
source page path = /d
ocs/es/tags/vat-numbe
r-registration:
     -> linking to /d
ocs/es/docs/category/
tax-identification-nu
mber
  - Broken link on 
source page path = /d
ocs/es/tags/vat-rate:
     -> linking to /d
ocs/es/docs/category/
tax-identification-nu
mber
  - Broken link on 
source page path = /d
ocs/es/tags/vat-rates
:
     -> linking to /d
ocs/es/docs/category/
tax-identification-nu
mber
  - Broken link on 
source page path = /d
ocs/es/tags/vat-regis
tration-threshold:
     -> linking to /d
ocs/es/docs/category/
tax-identification-nu
mber
  - Broken link on 
source page path = /d
ocs/es/tags/vat-thres
hold:
     -> linking to /d
ocs/es/docs/category/
tax-identification-nu
mber
  - Broken link on 
source page path = 
/docs/es/tags/vatin:
     -> linking to /d
ocs/es/docs/category/
tax-identification-nu
mber
  - Broken link on 
source page path = /d
ocs/es/tags/vatmoss:
     -> linking to /d
ocs/es/docs/category/
tax-identification-nu
mber
  - Broken link on 
source page path = /d
ocs/es/tags/venezuela
:
     -> linking to /d
ocs/es/docs/category/
tax-identification-nu
mber
  - Broken link on 
source page path = 
/docs/es/tags/vi-da:
     -> linking to /d
ocs/es/docs/category/
tax-identification-nu
mber
  - Broken link on 
source page path = 
/docs/es/tags/vies:
     -> linking to /d
ocs/es/docs/category/
tax-identification-nu
mber
  - Broken link on 
source page path = /d
ocs/es/tags/vietnam:
     -> linking to /d
ocs/es/docs/category/
tax-identification-nu
mber
  - Broken link on 
source page path = 
/docs/es/tags/vkn:
     -> linking to /d
ocs/es/docs/category/
tax-identification-nu
mber
  - Broken link on 
source page path = 
/docs/es/tags/zatca:
     -> linking to /d
ocs/es/docs/category/
tax-identification-nu
mber
  - Broken link on 
source page path = /d
ocs/es/category/count
ry-tax-guides:
     -> linking to /d
ocs/es/docs/category/
tax-identification-nu
mber
  - Broken link on 
source page path = /d
ocs/es/category/einvo
icing-guides:
     -> linking to /d
ocs/es/docs/category/
tax-identification-nu
mber
  - Broken link on 
source page path = /d
ocs/es/category/expla
iners:
     -> linking to /d
ocs/es/docs/category/
tax-identification-nu
mber
  - Broken link on 
source page path = /d
ocs/es/category/gloss
ary:
     -> linking to /d
ocs/es/docs/category/
tax-identification-nu
mber
  - Broken link on 
source page path = /d
ocs/es/category/sales
-tax-rates-in-us:
     -> linking to /d
ocs/es/docs/category/
tax-identification-nu
mber
  - Broken link on 
source page path = /d
ocs/es/category/tax-i
dentification-number:
     -> linking to /d
ocs/es/docs/category/
tax-identification-nu
mber
  - Broken link on 
source page path = /d
ocs/es/category/vat-i
n-countries:
     -> linking to /d
ocs/es/docs/category/
tax-identification-nu
mber
  - Broken link on 
source page path = /d
ocs/es/category/verif
y-tax-ids:
     -> linking to /d
ocs/es/docs/category/
tax-identification-nu
mber
  - Broken link on 
source page path = /d
ocs/es/check-vat-numb
er-free-links-to-offi
cial-national-databas
e-search-VAT-number:
     -> linking to /d
ocs/es/docs/country/u
k-vat-guidelines-sale
s-tax-indirect-tax-un
ited-kingdom
     -> linking to /d
ocs/es/docs/country/i
ndia-gst-guidelines-i
ndirect-tax-sales-tax
-india
     -> linking to /d
ocs/es/docs/category/
tax-identification-nu
mber
  - Broken link on 
source page path = /d
ocs/es/country-vat-na
me:
     -> linking to /d
ocs/es/docs/country/f
rance-vat-guidelines-
taxe-sur-la-valeur-aj
out%C3%A9e-TVA
     -> linking to /d
ocs/es/docs/country/i
ndia-gst-guidelines-i
ndirect-tax-sales-tax
-india/
     -> linking to /d
ocs/es/docs/country/u
k-vat-guidelines-sale
s-tax-indirect-tax-un
ited-kingdom
     -> linking to /d
ocs/es/docs/category/
tax-identification-nu
mber
  - Broken link on 
source page path = /d
ocs/es/country/austra
lia-gst-guidelines-sa
les-tax-indirect-tax:
     -> linking to /d
ocs/es/docs/category/
tax-identification-nu
mber
  - Broken link on 
source page path = /d
ocs/es/country/canada
-gst-hst-guidelines-s
ales-tax-indirect-tax
:
     -> linking to /d
ocs/es/docs/category/
tax-identification-nu
mber
  - Broken link on 
source page path = /d
ocs/es/country/france
-vat-guidelines-taxe-
sur-la-valeur-ajout├⌐
e-TVA:
     -> linking to /d
ocs/es/docs/worldwide
-tax-rates#france
     -> linking to /d
ocs/es/docs/country-v
at-name/
     -> linking to /d
ocs/es/docs/einvoicin
g/Chorus-Pro-einvoici
ng-france
     -> linking to /d
ocs/es/docs/category/
tax-identification-nu
mber
  - Broken link on 
source page path = /d
ocs/es/country/german
y-vat-guidelines-Umsa
tzsteuergesetz:
     -> linking to /d
ocs/es/docs/category/
tax-identification-nu
mber
  - Broken link on 
source page path = /d
ocs/es/country/india-
gst-guidelines-indire
ct-tax-sales-tax-indi
a:
     -> linking to /d
ocs/es/docs/category/
tax-identification-nu
mber
  - Broken link on 
source page path = /d
ocs/es/country/Spain:
     -> linking to /d
ocs/es/docs/category/
tax-identification-nu
mber
  - Broken link on 
source page path = /d
ocs/es/country/uk-vat
-guidelines-sales-tax
-indirect-tax-united-
kingdom:
     -> linking to /d
ocs/es/docs/worldwide
-tax-rates#united-kin
gdom
     -> linking to /d
ocs/es/docs/country-v
at-name/
     -> linking to /d
ocs/es/docs/category/
tax-identification-nu
mber
  - Broken link on 
source page path = /d
ocs/es/einvoicing-sta
tus-networks:
     -> linking to /d
ocs/es/docs/category/
tax-identification-nu
mber
  - Broken link on 
source page path = /d
ocs/es/einvoicing/aus
tralia-peppol-einvoic
ing-guidelines:
     -> linking to /d
ocs/es/docs/category/
tax-identification-nu
mber
  - Broken link on 
source page path = /d
ocs/es/einvoicing/Cho
rus-Pro-einvoicing-fr
ance:
     -> linking to /d
ocs/es/docs/category/
tax-identification-nu
mber
  - Broken link on 
source page path = /d
ocs/es/einvoicing/cou
ntry-wise-requirement
s-for-peppol:
     -> linking to /d
ocs/es/docs/category/
tax-identification-nu
mber
  - Broken link on 
source page path = /d
ocs/es/einvoicing/ein
voicing-guidelines-ta
iwan:
     -> linking to /d
ocs/es/docs/category/
tax-identification-nu
mber
  - Broken link on 
source page path = /d
ocs/es/einvoicing/esp
ap-einvoicing-portuga
l:
     -> linking to /d
ocs/es/docs/category/
tax-identification-nu
mber
  - Broken link on 
source page path = /d
ocs/es/einvoicing/fac
e-facturae-e-invoicin
g-spain:
     -> linking to /d
ocs/es/docs/category/
tax-identification-nu
mber
  - Broken link on 
source page path = /d
ocs/es/einvoicing/fin
voice-einvoicing-finl
and:
     -> linking to /d
ocs/es/docs/category/
tax-identification-nu
mber
  - Broken link on 
source page path = /d
ocs/es/einvoicing/irp
-india-einvoicing-reg
ulations-status-and-u
pdates:
     -> linking to /d
ocs/es/docs/category/
tax-identification-nu
mber
  - Broken link on 
source page path = /d
ocs/es/einvoicing/KSe
F-einvoicing-poland:
     -> linking to /d
ocs/es/docs/category/
tax-identification-nu
mber
  - Broken link on 
source page path = /d
ocs/es/einvoicing/pep
pol:
     -> linking to /d
ocs/es/docs/einvoicin
g-status-networks/
     -> linking to /d
ocs/es/docs/einvoicin
g/country-wise-requir
ements-for-peppol#ger
many
     -> linking to /d
ocs/es/docs/category/
tax-identification-nu
mber
  - Broken link on 
source page path = /d
ocs/es/einvoicing/pep
pol-einvoicing-nether
lands:
     -> linking to /d
ocs/es/docs/category/
tax-identification-nu
mber
  - Broken link on 
source page path = /d
ocs/es/einvoicing/pep
pol-einvoicing-norway
:
     -> linking to /d
ocs/es/docs/category/
tax-identification-nu
mber
  - Broken link on 
source page path = /d
ocs/es/einvoicing/sdi
-einvoicing-sistema-d
i-interscambio-italy:
     -> linking to /d
ocs/es/docs/category/
tax-identification-nu
mber
  - Broken link on 
source page path = /d
ocs/es/einvoicing/XRe
chnung-ZUGFeRD-e-invo
icing-germany:
     -> linking to /d
ocs/es/docs/category/
tax-identification-nu
mber
  - Broken link on 
source page path = /d
ocs/es/einvoicing/Zat
ca-fatoora-Saudi-Arab
ia-einvoicing-zakat-t
ax-and-customs-author
ity:
     -> linking to /d
ocs/es/docs/category/
tax-identification-nu
mber
  - Broken link on 
source page path = /d
ocs/es/explainers/all
-about-saft-reporting
:
     -> linking to /d
ocs/es/docs/category/
tax-identification-nu
mber
  - Broken link on 
source page path = /d
ocs/es/explainers/dac
7-compliance:
     -> linking to /d
ocs/es/docs/category/
tax-identification-nu
mber
  - Broken link on 
source page path = /d
ocs/es/explainers/exp
laining-OIDAR-service
s-and-GST-Compliance-
for-Suppliers-in-Indi
a:
     -> linking to /d
ocs/es/docs/category/
tax-identification-nu
mber
  - Broken link on 
source page path = /d
ocs/es/explainers/FIK
-number-Denmark:
     -> linking to /d
ocs/es/docs/category/
tax-identification-nu
mber
  - Broken link on 
source page path = /d
ocs/es/explainers/Fin
nish-Reference-number
-Finland:
     -> linking to /d
ocs/es/docs/category/
tax-identification-nu
mber
  - Broken link on 
source page path = /d
ocs/es/explainers/gaa
p-compliance:
     -> linking to /d
ocs/es/docs/category/
tax-identification-nu
mber
  - Broken link on 
source page path = /d
ocs/es/explainers/gui
de-to-vat-one-stop-sh
op:
     -> linking to /d
ocs/es/docs/category/
tax-identification-nu
mber
  - Broken link on 
source page path = /d
ocs/es/explainers/hip
aa-compliance:
     -> linking to /d
ocs/es/docs/category/
tax-identification-nu
mber
  - Broken link on 
source page path = /d
ocs/es/explainers/imp
ort-one-stop-shop-ios
s:
     -> linking to /d
ocs/es/docs/category/
tax-identification-nu
mber
  - Broken link on 
source page path = /d
ocs/es/explainers/KID
-number-Norway-kundei
dentifikasjon:
     -> linking to /d
ocs/es/docs/category/
tax-identification-nu
mber
  - Broken link on 
source page path = /d
ocs/es/explainers/lea
rn-about-soc2-complia
nce:
     -> linking to /d
ocs/es/docs/category/
tax-identification-nu
mber
  - Broken link on 
source page path = /d
ocs/es/explainers/OCR
-number-Sweden:
     -> linking to /d
ocs/es/docs/category/
tax-identification-nu
mber
  - Broken link on 
source page path = /d
ocs/es/explainers/qr-
bill-switzerland:
     -> linking to /d
ocs/es/docs/category/
tax-identification-nu
mber
  - Broken link on 
source page path = /d
ocs/es/explainers/rev
erse-charge:
     -> linking to /d
ocs/es/docs/country/u
k-vat-guidelines-sale
s-tax-indirect-tax-un
ited-kingdom#invoice-
notes-for-reverse-cha
rges
     -> linking to /d
ocs/es/docs/country/u
k-vat-guidelines-sale
s-tax-indirect-tax-un
ited-kingdom#cross-bo
rder-reverse-charges
     -> linking to /d
ocs/es/docs/country/u
k-vat-guidelines-sale
s-tax-indirect-tax-un
ited-kingdom
     -> linking to /d
ocs/es/docs/check-vat
-number-free-links-to
-official-national-da
tabase-search-VAT-num
ber
     -> linking to /d
ocs/es/docs/category/
tax-identification-nu
mber
  - Broken link on 
source page path = /d
ocs/es/explainers/SEZ
-in-India:
     -> linking to /d
ocs/es/docs/category/
tax-identification-nu
mber
  - Broken link on 
source page path = /d
ocs/es/explainers/sou
th-dakota-vs-wayfair-
nexus-explained:
     -> linking to /d
ocs/es/docs/category/
tax-identification-nu
mber
  - Broken link on 
source page path = /d
ocs/es/explainers/und
erstanding-gobd-compl
iance-for-businesses-
in-germany:
     -> linking to /d
ocs/es/docs/category/
tax-identification-nu
mber
  - Broken link on 
source page path = /d
ocs/es/explainers/VAT
-Listings-explained:
     -> linking to /d
ocs/es/docs/category/
tax-identification-nu
mber
  - Broken link on 
source page path = /d
ocs/es/explainers/vid
a-vat-in-the-digital-
age-guide-latest-upda
tes:
     -> linking to /d
ocs/es/docs/category/
tax-identification-nu
mber
  - Broken link on 
source page path = /d
ocs/es/explainers/vie
s-intrastat-detailed-
guide-for-traders:
     -> linking to /d
ocs/es/docs/category/
tax-identification-nu
mber
  - Broken link on 
source page path = /d
ocs/es/explainers/wha
t-is-streamlined-sale
s-tax-project-sst:
     -> linking to /d
ocs/es/docs/category/
tax-identification-nu
mber
  - Broken link on 
source page path = /d
ocs/es/glossary/call-
off-stock:
     -> linking to /d
ocs/es/docs/category/
tax-identification-nu
mber
  - Broken link on 
source page path = /d
ocs/es/glossary/consu
mption-tax:
     -> linking to /d
ocs/es/docs/category/
tax-identification-nu
mber
  - Broken link on 
source page path = /d
ocs/es/glossary/dista
nce-selling:
     -> linking to /d
ocs/es/docs/category/
tax-identification-nu
mber
  - Broken link on 
source page path = /d
ocs/es/glossary/einvo
ice:
     -> linking to /d
ocs/es/docs/category/
tax-identification-nu
mber
  - Broken link on 
source page path = /d
ocs/es/glossary/gst:
     -> linking to /d
ocs/es/docs/category/
tax-identification-nu
mber
  - Broken link on 
source page path = /d
ocs/es/glossary/indir
ect-tax:
     -> linking to /d
ocs/es/docs/category/
tax-identification-nu
mber
  - Broken link on 
source page path = /d
ocs/es/glossary/input
-tax-credit:
     -> linking to /d
ocs/es/docs/category/
tax-identification-nu
mber
  - Broken link on 
source page path = /d
ocs/es/glossary/intra
stat:
     -> linking to /d
ocs/es/docs/category/
tax-identification-nu
mber
  - Broken link on 
source page path = /d
ocs/es/glossary/nexus
:
     -> linking to /d
ocs/es/docs/category/
tax-identification-nu
mber
  - Broken link on 
source page path = /d
ocs/es/glossary/sales
-tax:
     -> linking to /d
ocs/es/docs/category/
tax-identification-nu
mber
  - Broken link on 
source page path = /d
ocs/es/glossary/vat:
     -> linking to /d
ocs/es/docs/category/
tax-identification-nu
mber
  - Broken link on 
source page path = /d
ocs/es/glossary/vat-t
hreshold:
     -> linking to /d
ocs/es/docs/category/
tax-identification-nu
mber
  - Broken link on 
source page path = /d
ocs/es/glossary/where
-is-my-refund:
     -> linking to /d
ocs/es/docs/category/
tax-identification-nu
mber
  - Broken link on 
source page path = /d
ocs/es/how-to-registe
r-vat-sales-tax-gst:
     -> linking to /d
ocs/es/docs/category/
tax-identification-nu
mber
  - Broken link on 
source page path = /d
ocs/es/how-to-verify/
abn-verification:
     -> linking to /d
ocs/es/docs/category/
tax-identification-nu
mber
  - Broken link on 
source page path = /d
ocs/es/how-to-verify/
australia-company-num
ber-format:
     -> linking to /d
ocs/es/docs/category/
tax-identification-nu
mber
  - Broken link on 
source page path = /d
ocs/es/how-to-verify/
australia-drivers-Lic
ense-format:
     -> linking to /d
ocs/es/docs/category/
tax-identification-nu
mber
  - Broken link on 
source page path = /d
ocs/es/how-to-verify/
bin-verification-bang
ladesh:
     -> linking to /d
ocs/es/docs/category/
tax-identification-nu
mber
  - Broken link on 
source page path = /d
ocs/es/how-to-verify/
business-license-veri
fication-uae:
     -> linking to /d
ocs/es/docs/category/
tax-identification-nu
mber
  - Broken link on 
source page path = /d
ocs/es/how-to-verify/
cnpj-verification-bra
zil:
     -> linking to /d
ocs/es/docs/category/
tax-identification-nu
mber
  - Broken link on 
source page path = /d
ocs/es/how-to-verify/
cpf-verification-braz
il:
     -> linking to /d
ocs/es/docs/category/
tax-identification-nu
mber
  - Broken link on 
source page path = /d
ocs/es/how-to-verify/
cr-verification-qatar
:
     -> linking to /d
ocs/es/docs/category/
tax-identification-nu
mber
  - Broken link on 
source page path = /d
ocs/es/how-to-verify/
cuit-verification-arg
entina:
     -> linking to /d
ocs/es/docs/category/
tax-identification-nu
mber
  - Broken link on 
source page path = /d
ocs/es/how-to-verify/
curp-verification-mex
ico:
     -> linking to /d
ocs/es/docs/category/
tax-identification-nu
mber
  - Broken link on 
source page path = /d
ocs/es/how-to-verify/
dic-verification-czec
h:
     -> linking to /d
ocs/es/docs/category/
tax-identification-nu
mber
  - Broken link on 
source page path = /d
ocs/es/how-to-verify/
dni-verification-arge
ntina:
     -> linking to /d
ocs/es/docs/category/
tax-identification-nu
mber
  - Broken link on 
source page path = /d
ocs/es/how-to-verify/
ein-verification-unit
ed-states:
     -> linking to /d
ocs/es/docs/category/
tax-identification-nu
mber
  - Broken link on 
source page path = /d
ocs/es/how-to-verify/
enterprise-number-ver
ification-belgium:
     -> linking to /d
ocs/es/docs/category/
tax-identification-nu
mber
  - Broken link on 
source page path = /d
ocs/es/how-to-verify/
eori-verification-eu-
vies:
     -> linking to /d
ocs/es/docs/category/
tax-identification-nu
mber
  - Broken link on 
source page path = /d
ocs/es/how-to-verify/
eori-verification-fra
nce:
     -> linking to /d
ocs/es/docs/category/
tax-identification-nu
mber
  - Broken link on 
source page path = /d
ocs/es/how-to-verify/
find-cvr-denmark:
     -> linking to /d
ocs/es/docs/category/
tax-identification-nu
mber
  - Broken link on 
source page path = /d
ocs/es/how-to-verify/
find-gst-singapore:
     -> linking to /d
ocs/es/docs/category/
tax-identification-nu
mber
  - Broken link on 
source page path = /d
ocs/es/how-to-verify/
find-uen-singapore:
     -> linking to /d
ocs/es/docs/category/
tax-identification-nu
mber
  - Broken link on 
source page path = /d
ocs/es/how-to-verify/
gst-verification-cana
da:
     -> linking to /d
ocs/es/docs/category/
tax-identification-nu
mber
  - Broken link on 
source page path = /d
ocs/es/how-to-verify/
gstin-verification-in
dia:
     -> linking to /d
ocs/es/docs/category/
tax-identification-nu
mber
  - Broken link on 
source page path = /d
ocs/es/how-to-verify/
nif-verification-spai
n:
     -> linking to /d
ocs/es/docs/category/
tax-identification-nu
mber
  - Broken link on 
source page path = /d
ocs/es/how-to-verify/
nuis-verification-alb
ania:
     -> linking to /d
ocs/es/docs/category/
tax-identification-nu
mber
  - Broken link on 
source page path = /d
ocs/es/how-to-verify/
nzbn-verification:
     -> linking to /d
ocs/es/docs/category/
tax-identification-nu
mber
  - Broken link on 
source page path = /d
ocs/es/how-to-verify/
PST-verification-cana
da:
     -> linking to /d
ocs/es/docs/category/
tax-identification-nu
mber
  - Broken link on 
source page path = /d
ocs/es/how-to-verify/
qcci-membership-verif
ication-Qatar:
     -> linking to /d
ocs/es/docs/category/
tax-identification-nu
mber
  - Broken link on 
source page path = /d
ocs/es/how-to-verify/
qst-verification-cana
da:
     -> linking to /d
ocs/es/docs/category/
tax-identification-nu
mber
  - Broken link on 
source page path = /d
ocs/es/how-to-verify/
registration-number-m
alaysia:
     -> linking to /d
ocs/es/docs/category/
tax-identification-nu
mber
  - Broken link on 
source page path = /d
ocs/es/how-to-verify/
rnc-verification-domi
nican-republic:
     -> linking to /d
ocs/es/docs/category/
tax-identification-nu
mber
  - Broken link on 
source page path = /d
ocs/es/how-to-verify/
rut-verification-chil
e:
     -> linking to /d
ocs/es/docs/category/
tax-identification-nu
mber
  - Broken link on 
source page path = /d
ocs/es/how-to-verify/
siren-verification-fr
ance:
     -> linking to /d
ocs/es/docs/category/
tax-identification-nu
mber
  - Broken link on 
source page path = /d
ocs/es/how-to-verify/
SIRET-verification-fr
ance:
     -> linking to /d
ocs/es/docs/category/
tax-identification-nu
mber
  - Broken link on 
source page path = /d
ocs/es/how-to-verify/
tax-card-verification
-oman:
     -> linking to /d
ocs/es/docs/category/
tax-identification-nu
mber
  - Broken link on 
source page path = /d
ocs/es/how-to-verify/
tin-verification-azer
baijan:
     -> linking to /d
ocs/es/docs/category/
tax-identification-nu
mber
  - Broken link on 
source page path = /d
ocs/es/how-to-verify/
tin-verification-seyc
helles:
     -> linking to /d
ocs/es/docs/category/
tax-identification-nu
mber
  - Broken link on 
source page path = /d
ocs/es/how-to-verify/
tin-zakat-verificatio
n-saudi-arabia:
     -> linking to /d
ocs/es/docs/category/
tax-identification-nu
mber
  - Broken link on 
source page path = /d
ocs/es/how-to-verify/
trn-verification-uae:
     -> linking to /d
ocs/es/docs/category/
tax-identification-nu
mber
  - Broken link on 
source page path = /d
ocs/es/how-to-verify/
tva-verification-fran
ce:
     -> linking to /d
ocs/es/docs/category/
tax-identification-nu
mber
  - Broken link on 
source page path = /d
ocs/es/how-to-verify/
uid-verification-swit
zerland:
     -> linking to /d
ocs/es/docs/category/
tax-identification-nu
mber
  - Broken link on 
source page path = /d
ocs/es/how-to-verify/
vat-number-bulgaria:
     -> linking to /d
ocs/es/docs/category/
tax-identification-nu
mber
  - Broken link on 
source page path = /d
ocs/es/how-to-verify/
vat-number-verificati
on-saudi-arabia:
     -> linking to /d
ocs/es/docs/category/
tax-identification-nu
mber
  - Broken link on 
source page path = /d
ocs/es/how-to-verify/
vat-verification-belg
ium:
     -> linking to /d
ocs/es/docs/category/
tax-identification-nu
mber
  - Broken link on 
source page path = /d
ocs/es/how-to-verify/
vat-verification-Bosn
ia:
     -> linking to /d
ocs/es/docs/category/
tax-identification-nu
mber
  - Broken link on 
source page path = /d
ocs/es/how-to-verify/
vat-verification-eu-v
ies:
     -> linking to /d
ocs/es/docs/category/
tax-identification-nu
mber
  - Broken link on 
source page path = /d
ocs/es/how-to-verify/
vat-verification-finl
and:
     -> linking to /d
ocs/es/docs/category/
tax-identification-nu
mber
  - Broken link on 
source page path = /d
ocs/es/how-to-verify/
vat-verification-sout
h-africa:
     -> linking to /d
ocs/es/docs/category/
tax-identification-nu
mber
  - Broken link on 
source page path = /d
ocs/es/how-to-verify/
vat-verification-uk:
     -> linking to /d
ocs/es/docs/category/
tax-identification-nu
mber
  - Broken link on 
source page path = /d
ocs/es/how-to-verify/
vatin-verification-on
am:
     -> linking to /d
ocs/es/docs/category/
tax-identification-nu
mber
  - Broken link on 
source page path = /d
ocs/es/important-tax-
links:
     -> linking to /d
ocs/es/docs/category/
tax-identification-nu
mber
  - Broken link on 
source page path = /d
ocs/es/sales-tax/cali
fornia:
     -> linking to /d
ocs/es/docs/category/
tax-identification-nu
mber
  - Broken link on 
source page path = /d
ocs/es/sales-tax/new-
york:
     -> linking to /d
ocs/es/docs/category/
tax-identification-nu
mber
  - Broken link on 
source page path = /d
ocs/es/sales-tax/texa
s:
     -> linking to /d
ocs/es/docs/category/
tax-identification-nu
mber
  - Broken link on 
source page path = /d
ocs/es/tax-glossary:
     -> linking to /d
ocs/es/docs/category/
tax-identification-nu
mber
  - Broken link on 
source page path = /d
ocs/es/tax-identifica
tion-number/albania-t
ax-id-guide:
     -> linking to /d
ocs/es/docs/category/
tax-identification-nu
mber
  - Broken link on 
source page path = /d
ocs/es/tax-identifica
tion-number/andorra-t
ax-id-guide:
     -> linking to /d
ocs/es/docs/category/
tax-identification-nu
mber
  - Broken link on 
source page path = /d
ocs/es/tax-identifica
tion-number/anguilla-
tax-id-guide:
     -> linking to /d
ocs/es/docs/category/
tax-identification-nu
mber
  - Broken link on 
source page path = /d
ocs/es/tax-identifica
tion-number/Argentina
-tax-id-guide:
     -> linking to /d
ocs/es/docs/category/
tax-identification-nu
mber
  - Broken link on 
source page path = /d
ocs/es/tax-identifica
tion-number/armenia-t
ax-id-guide:
     -> linking to /d
ocs/es/docs/category/
tax-identification-nu
mber
  - Broken link on 
source page path = /d
ocs/es/tax-identifica
tion-number/aruba-tax
-id-guide:
     -> linking to /d
ocs/es/docs/category/
tax-identification-nu
mber
  - Broken link on 
source page path = /d
ocs/es/tax-identifica
tion-number/Australia
-tax-id-guide:
     -> linking to /d
ocs/es/docs/category/
tax-identification-nu
mber
  - Broken link on 
source page path = /d
ocs/es/tax-identifica
tion-number/Austria-t
ax-id-guide:
     -> linking to /d
ocs/es/docs/category/
tax-identification-nu
mber
  - Broken link on 
source page path = /d
ocs/es/tax-identifica
tion-number/azerbaija
n-tax-id-guide:
     -> linking to /d
ocs/es/docs/category/
tax-identification-nu
mber
  - Broken link on 
source page path = /d
ocs/es/tax-identifica
tion-number/banglades
h-tax-id-guide:
     -> linking to /d
ocs/es/docs/category/
tax-identification-nu
mber
  - Broken link on 
source page path = /d
ocs/es/tax-identifica
tion-number/barbados-
tax-id-guide:
     -> linking to /d
ocs/es/docs/category/
tax-identification-nu
mber
  - Broken link on 
source page path = /d
ocs/es/tax-identifica
tion-number/belarus-t
ax-id-guide:
     -> linking to /d
ocs/es/docs/category/
tax-identification-nu
mber
  - Broken link on 
source page path = /d
ocs/es/tax-identifica
tion-number/Belgium-t
ax-id-guide:
     -> linking to /d
ocs/es/docs/category/
tax-identification-nu
mber
  - Broken link on 
source page path = /d
ocs/es/tax-identifica
tion-number/belize-ta
x-id-guide:
     -> linking to /d
ocs/es/docs/category/
tax-identification-nu
mber
  - Broken link on 
source page path = /d
ocs/es/tax-identifica
tion-number/bolivia-t
ax-id-guide:
     -> linking to /d
ocs/es/docs/category/
tax-identification-nu
mber
  - Broken link on 
source page path = /d
ocs/es/tax-identifica
tion-number/brazil-ta
x-id-guide:
     -> linking to /d
ocs/es/docs/category/
tax-identification-nu
mber
  - Broken link on 
source page path = /d
ocs/es/tax-identifica
tion-number/brunei-da
russalam-tax-id-guide
:
     -> linking to /d
ocs/es/docs/category/
tax-identification-nu
mber
  - Broken link on 
source page path = /d
ocs/es/tax-identifica
tion-number/bulgaria-
tax-id-guide:
     -> linking to /d
ocs/es/docs/category/
tax-identification-nu
mber
  - Broken link on 
source page path = /d
ocs/es/tax-identifica
tion-number/canada-ta
x-id-guide:
     -> linking to /d
ocs/es/docs/category/
tax-identification-nu
mber
  - Broken link on 
source page path = /d
ocs/es/tax-identifica
tion-number/chile-tax
-id-guide:
     -> linking to /d
ocs/es/docs/category/
tax-identification-nu
mber
  - Broken link on 
source page path = /d
ocs/es/tax-identifica
tion-number/china-tax
-id-guide:
     -> linking to /d
ocs/es/docs/category/
tax-identification-nu
mber
  - Broken link on 
source page path = /d
ocs/es/tax-identifica
tion-number/colombia-
tax-id-guide:
     -> linking to /d
ocs/es/docs/category/
tax-identification-nu
mber
  - Broken link on 
source page path = /d
ocs/es/tax-identifica
tion-number/cook-isla
nds-tax-id-guide:
     -> linking to /d
ocs/es/docs/category/
tax-identification-nu
mber
  - Broken link on 
source page path = /d
ocs/es/tax-identifica
tion-number/costa-ric
a-tax-id-guide:
     -> linking to /d
ocs/es/docs/category/
tax-identification-nu
mber
  - Broken link on 
source page path = /d
ocs/es/tax-identifica
tion-number/croatia-t
ax-id-guide:
     -> linking to /d
ocs/es/docs/category/
tax-identification-nu
mber
  - Broken link on 
source page path = /d
ocs/es/tax-identifica
tion-number/cuba-tax-
id-guide:
     -> linking to /d
ocs/es/docs/category/
tax-identification-nu
mber
  - Broken link on 
source page path = /d
ocs/es/tax-identifica
tion-number/curacao-t
ax-id-guide:
     -> linking to /d
ocs/es/docs/category/
tax-identification-nu
mber
  - Broken link on 
source page path = /d
ocs/es/tax-identifica
tion-number/cyprus-ta
x-id-guide:
     -> linking to /d
ocs/es/docs/category/
tax-identification-nu
mber
  - Broken link on 
source page path = /d
ocs/es/tax-identifica
tion-number/czechia-t
ax-id-guide:
     -> linking to /d
ocs/es/docs/category/
tax-identification-nu
mber
  - Broken link on 
source page path = /d
ocs/es/tax-identifica
tion-number/denmark-t
ax-id-guide:
     -> linking to /d
ocs/es/docs/category/
tax-identification-nu
mber
  - Broken link on 
source page path = /d
ocs/es/tax-identifica
tion-number/dominica-
tax-id-guide:
     -> linking to /d
ocs/es/docs/category/
tax-identification-nu
mber
  - Broken link on 
source page path = /d
ocs/es/tax-identifica
tion-number/ecuador-t
ax-id-guide:
     -> linking to /d
ocs/es/docs/category/
tax-identification-nu
mber
  - Broken link on 
source page path = /d
ocs/es/tax-identifica
tion-number/egypt-tax
-id-guide:
     -> linking to /d
ocs/es/docs/category/
tax-identification-nu
mber
  - Broken link on 
source page path = /d
ocs/es/tax-identifica
tion-number/el-salvad
or-tax-id-guide:
     -> linking to /d
ocs/es/docs/category/
tax-identification-nu
mber
  - Broken link on 
source page path = /d
ocs/es/tax-identifica
tion-number/estonia-t
ax-id-guide:
     -> linking to /d
ocs/es/docs/category/
tax-identification-nu
mber
  - Broken link on 
source page path = /d
ocs/es/tax-identifica
tion-number/faroe-isl
ands-tax-id-guide:
     -> linking to /d
ocs/es/docs/category/
tax-identification-nu
mber
  - Broken link on 
source page path = /d
ocs/es/tax-identifica
tion-number/finland-t
ax-id-guide:
     -> linking to /d
ocs/es/docs/category/
tax-identification-nu
mber
  - Broken link on 
source page path = /d
ocs/es/tax-identifica
tion-number/france-ta
x-id-guide:
     -> linking to /d
ocs/es/docs/category/
tax-identification-nu
mber
  - Broken link on 
source page path = /d
ocs/es/tax-identifica
tion-number/georgia-t
ax-id-guide:
     -> linking to /d
ocs/es/docs/category/
tax-identification-nu
mber
  - Broken link on 
source page path = /d
ocs/es/tax-identifica
tion-number/germany-t
ax-id-guide:
     -> linking to /d
ocs/es/docs/category/
tax-identification-nu
mber
  - Broken link on 
source page path = /d
ocs/es/tax-identifica
tion-number/ghana-tax
-id-guide:
     -> linking to /d
ocs/es/docs/category/
tax-identification-nu
mber
  - Broken link on 
source page path = /d
ocs/es/tax-identifica
tion-number/gibraltar
-tax-id-guide:
     -> linking to /d
ocs/es/docs/category/
tax-identification-nu
mber
  - Broken link on 
source page path = /d
ocs/es/tax-identifica
tion-number/greece-ta
x-id-guide:
     -> linking to /d
ocs/es/docs/category/
tax-identification-nu
mber
  - Broken link on 
source page path = /d
ocs/es/tax-identifica
tion-number/greenland
-tax-id-guide:
     -> linking to /d
ocs/es/docs/category/
tax-identification-nu
mber
  - Broken link on 
source page path = /d
ocs/es/tax-identifica
tion-number/grenada-t
ax-id-guide:
     -> linking to /d
ocs/es/docs/category/
tax-identification-nu
mber
  - Broken link on 
source page path = /d
ocs/es/tax-identifica
tion-number/guatemala
-tax-id-guide:
     -> linking to /d
ocs/es/docs/category/
tax-identification-nu
mber
  - Broken link on 
source page path = /d
ocs/es/tax-identifica
tion-number/guernsey-
tax-id-guide:
     -> linking to /d
ocs/es/docs/category/
tax-identification-nu
mber
  - Broken link on 
source page path = /d
ocs/es/tax-identifica
tion-number/hong-kong
-tax-id-guide:
     -> linking to /d
ocs/es/docs/category/
tax-identification-nu
mber
  - Broken link on 
source page path = /d
ocs/es/tax-identifica
tion-number/hungary-t
ax-id-guide:
     -> linking to /d
ocs/es/docs/category/
tax-identification-nu
mber
  - Broken link on 
source page path = /d
ocs/es/tax-identifica
tion-number/iceland-t
ax-id-guide:
     -> linking to /d
ocs/es/docs/category/
tax-identification-nu
mber
  - Broken link on 
source page path = /d
ocs/es/tax-identifica
tion-number/india-tax
-id-guide:
     -> linking to /d
ocs/es/docs/category/
tax-identification-nu
mber
  - Broken link on 
source page path = /d
ocs/es/tax-identifica
tion-number/indonesia
-tax-id-guide:
     -> linking to /d
ocs/es/docs/category/
tax-identification-nu
mber
  - Broken link on 
source page path = /d
ocs/es/tax-identifica
tion-number/ireland-t
ax-id-guide:
     -> linking to /d
ocs/es/docs/category/
tax-identification-nu
mber
  - Broken link on 
source page path = /d
ocs/es/tax-identifica
tion-number/isle-of-m
an-tax-id-guide:
     -> linking to /d
ocs/es/docs/category/
tax-identification-nu
mber
  - Broken link on 
source page path = /d
ocs/es/tax-identifica
tion-number/israel-ta
x-id-guide:
     -> linking to /d
ocs/es/docs/category/
tax-identification-nu
mber
  - Broken link on 
source page path = /d
ocs/es/tax-identifica
tion-number/italy-tax
-id-guide:
     -> linking to /d
ocs/es/docs/category/
tax-identification-nu
mber
  - Broken link on 
source page path = /d
ocs/es/tax-identifica
tion-number/jamaica-t
ax-id-guide:
     -> linking to /d
ocs/es/docs/category/
tax-identification-nu
mber
  - Broken link on 
source page path = /d
ocs/es/tax-identifica
tion-number/japan-tax
-id-guide:
     -> linking to /d
ocs/es/docs/category/
tax-identification-nu
mber
  - Broken link on 
source page path = /d
ocs/es/tax-identifica
tion-number/jersey-ta
x-id-guide:
     -> linking to /d
ocs/es/docs/category/
tax-identification-nu
mber
  - Broken link on 
source page path = /d
ocs/es/tax-identifica
tion-number/kazakhsta
n-tax-id-guide:
     -> linking to /d
ocs/es/docs/category/
tax-identification-nu
mber
  - Broken link on 
source page path = /d
ocs/es/tax-identifica
tion-number/kenya-tax
-id-guide:
     -> linking to /d
ocs/es/docs/category/
tax-identification-nu
mber
  - Broken link on 
source page path = /d
ocs/es/tax-identifica
tion-number/korea-tax
-id-guide:
     -> linking to /d
ocs/es/docs/category/
tax-identification-nu
mber
  - Broken link on 
source page path = /d
ocs/es/tax-identifica
tion-number/kuwait-ta
x-id-guide:
     -> linking to /d
ocs/es/docs/category/
tax-identification-nu
mber
  - Broken link on 
source page path = /d
ocs/es/tax-identifica
tion-number/kyrgyzsta
n-tax-id-guide:
     -> linking to /d
ocs/es/docs/category/
tax-identification-nu
mber
  - Broken link on 
source page path = /d
ocs/es/tax-identifica
tion-number/latvia-ta
x-id-guide:
     -> linking to /d
ocs/es/docs/category/
tax-identification-nu
mber
  - Broken link on 
source page path = /d
ocs/es/tax-identifica
tion-number/lebanon-t
ax-id-guide:
     -> linking to /d
ocs/es/docs/category/
tax-identification-nu
mber
  - Broken link on 
source page path = /d
ocs/es/tax-identifica
tion-number/liechtens
tein-tax-id-guide:
     -> linking to /d
ocs/es/docs/category/
tax-identification-nu
mber
  - Broken link on 
source page path = /d
ocs/es/tax-identifica
tion-number/lithuania
-tax-id-guide:
     -> linking to /d
ocs/es/docs/category/
tax-identification-nu
mber
  - Broken link on 
source page path = /d
ocs/es/tax-identifica
tion-number/luxembour
g-tax-id-guide:
     -> linking to /d
ocs/es/docs/category/
tax-identification-nu
mber
  - Broken link on 
source page path = /d
ocs/es/tax-identifica
tion-number/macao-tax
-id-guide:
     -> linking to /d
ocs/es/docs/category/
tax-identification-nu
mber
  - Broken link on 
source page path = /d
ocs/es/tax-identifica
tion-number/macedonia
-tax-id-guide:
     -> linking to /d
ocs/es/docs/category/
tax-identification-nu
mber
  - Broken link on 
source page path = /d
ocs/es/tax-identifica
tion-number/malaysia-
tax-id-guide:
     -> linking to /d
ocs/es/docs/category/
tax-identification-nu
mber
  - Broken link on 
source page path = /d
ocs/es/tax-identifica
tion-number/maldives-
tax-id-guide:
     -> linking to /d
ocs/es/docs/category/
tax-identification-nu
mber
  - Broken link on 
source page path = /d
ocs/es/tax-identifica
tion-number/malta-tax
-id-guide:
     -> linking to /d
ocs/es/docs/category/
tax-identification-nu
mber
  - Broken link on 
source page path = /d
ocs/es/tax-identifica
tion-number/marshall-
islands-tax-id-guide:
     -> linking to /d
ocs/es/docs/category/
tax-identification-nu
mber
  - Broken link on 
source page path = /d
ocs/es/tax-identifica
tion-number/mauritius
-tax-id-guide:
     -> linking to /d
ocs/es/docs/category/
tax-identification-nu
mber
  - Broken link on 
source page path = /d
ocs/es/tax-identifica
tion-number/mexico-ta
x-id-guide:
     -> linking to /d
ocs/es/docs/category/
tax-identification-nu
mber
  - Broken link on 
source page path = /d
ocs/es/tax-identifica
tion-number/moldova-t
ax-id-guide:
     -> linking to /d
ocs/es/docs/category/
tax-identification-nu
mber
  - Broken link on 
source page path = /d
ocs/es/tax-identifica
tion-number/monaco-ta
x-id-guide:
     -> linking to /d
ocs/es/docs/category/
tax-identification-nu
mber
  - Broken link on 
source page path = /d
ocs/es/tax-identifica
tion-number/montenegr
o-tax-id-guide:
     -> linking to /d
ocs/es/docs/category/
tax-identification-nu
mber
  - Broken link on 
source page path = /d
ocs/es/tax-identifica
tion-number/morocco-t
ax-id-guide:
     -> linking to /d
ocs/es/docs/category/
tax-identification-nu
mber
  - Broken link on 
source page path = /d
ocs/es/tax-identifica
tion-number/nauru-tax
-id-guide:
     -> linking to /d
ocs/es/docs/category/
tax-identification-nu
mber
  - Broken link on 
source page path = /d
ocs/es/tax-identifica
tion-number/netherlan
ds-tax-id-guide:
     -> linking to /d
ocs/es/docs/category/
tax-identification-nu
mber
  - Broken link on 
source page path = /d
ocs/es/tax-identifica
tion-number/new-zeala
nd-tax-id-guide:
     -> linking to /d
ocs/es/docs/category/
tax-identification-nu
mber
  - Broken link on 
source page path = /d
ocs/es/tax-identifica
tion-number/nicaragua
-tax-id-guide:
     -> linking to /d
ocs/es/docs/category/
tax-identification-nu
mber
  - Broken link on 
source page path = /d
ocs/es/tax-identifica
tion-number/nigeria-t
ax-id-guide:
     -> linking to /d
ocs/es/docs/category/
tax-identification-nu
mber
  - Broken link on 
source page path = /d
ocs/es/tax-identifica
tion-number/northern-
ireland-tax-id-guide:
     -> linking to /d
ocs/es/docs/category/
tax-identification-nu
mber
  - Broken link on 
source page path = /d
ocs/es/tax-identifica
tion-number/norway-ta
x-id-guide:
     -> linking to /d
ocs/es/docs/category/
tax-identification-nu
mber
  - Broken link on 
source page path = /d
ocs/es/tax-identifica
tion-number/oman-tax-
id-guide:
     -> linking to /d
ocs/es/docs/category/
tax-identification-nu
mber
  - Broken link on 
source page path = /d
ocs/es/tax-identifica
tion-number/pakistan-
tax-id-guide:
     -> linking to /d
ocs/es/docs/category/
tax-identification-nu
mber
  - Broken link on 
source page path = /d
ocs/es/tax-identifica
tion-number/panama-ta
x-id-guide:
     -> linking to /d
ocs/es/docs/category/
tax-identification-nu
mber
  - Broken link on 
source page path = /d
ocs/es/tax-identifica
tion-number/paraguay-
tax-id-guide:
     -> linking to /d
ocs/es/docs/category/
tax-identification-nu
mber
[INFO] Docusaurus version: 3.9.2
Node version: v22.17.0
  - Broken link on 
source page path = /d
ocs/es/tax-identifica
tion-number/peru-tax-
id-guide:
     -> linking to /d
ocs/es/docs/category/
tax-identification-nu
mber
  - Broken link on 
source page path = /d
ocs/es/tax-identifica
tion-number/philippin
es-tax-id-guide:
     -> linking to /d
ocs/es/docs/category/
tax-identification-nu
mber
  - Broken link on 
source page path = /d
ocs/es/tax-identifica
tion-number/poland-ta
x-id-guide:
     -> linking to /d
ocs/es/docs/category/
tax-identification-nu
mber
  - Broken link on 
source page path = /d
ocs/es/tax-identifica
tion-number/portugal-
tax-id-guide:
     -> linking to /d
ocs/es/docs/category/
tax-identification-nu
mber
  - Broken link on 
source page path = /d
ocs/es/tax-identifica
tion-number/qatar-tax
-id-guide:
     -> linking to /d
ocs/es/docs/category/
tax-identification-nu
mber
  - Broken link on 
source page path = /d
ocs/es/tax-identifica
tion-number/romania-t
ax-id-guide:
     -> linking to /d
ocs/es/docs/category/
tax-identification-nu
mber
  - Broken link on 
source page path = /d
ocs/es/tax-identifica
tion-number/russia-ta
x-id-guide:
     -> linking to /d
ocs/es/docs/category/
tax-identification-nu
mber
  - Broken link on 
source page path = /d
ocs/es/tax-identifica
tion-number/saint-kit
ts-and-nevis-tax-id-g
uide:
     -> linking to /d
ocs/es/docs/category/
tax-identification-nu
mber
  - Broken link on 
source page path = /d
ocs/es/tax-identifica
tion-number/saint-luc
ia-tax-id-guide:
     -> linking to /d
ocs/es/docs/category/
tax-identification-nu
mber
  - Broken link on 
source page path = /d
ocs/es/tax-identifica
tion-number/samoa-tax
-id-guide:
     -> linking to /d
ocs/es/docs/category/
tax-identification-nu
mber
  - Broken link on 
source page path = /d
ocs/es/tax-identifica
tion-number/san-marin
o-tax-id-guide:
     -> linking to /d
ocs/es/docs/category/
tax-identification-nu
mber
  - Broken link on 
source page path = /d
ocs/es/tax-identifica
tion-number/saudi-ara
bia-tax-id-guide:
     -> linking to /d
ocs/es/docs/category/
tax-identification-nu
mber
  - Broken link on 
source page path = /d
ocs/es/tax-identifica
tion-number/serbia-ta
x-id-guide:
     -> linking to /d
ocs/es/docs/category/
tax-identification-nu
mber
  - Broken link on 
source page path = /d
ocs/es/tax-identifica
tion-number/seychelle
s-tax-id-guide:
     -> linking to /d
ocs/es/docs/category/
tax-identification-nu
mber
  - Broken link on 
source page path = /d
ocs/es/tax-identifica
tion-number/singapore
-tax-id-guide:
     -> linking to /d
ocs/es/docs/category/
tax-identification-nu
mber
  - Broken link on 
source page path = /d
ocs/es/tax-identifica
tion-number/sint-maar
ten-tax-id-guide:
     -> linking to /d
ocs/es/docs/category/
tax-identification-nu
mber
  - Broken link on 
source page path = /d
ocs/es/tax-identifica
tion-number/slovakia-
tax-id-guide:
     -> linking to /d
ocs/es/docs/category/
tax-identification-nu
mber
  - Broken link on 
source page path = /d
ocs/es/tax-identifica
tion-number/st-vincen
t-and-the-grenadines-
tax-id-guide:
     -> linking to /d
ocs/es/docs/category/
tax-identification-nu
mber
  - Broken link on 
source page path = /d
ocs/es/tax-identifica
tion-number/switzerla
nd-tax-id-guide:
     -> linking to /d
ocs/es/docs/category/
tax-identification-nu
mber
  - Broken link on 
source page path = /d
ocs/es/tax-identifica
tion-number/thailand-
tax-id-guide:
     -> linking to /d
ocs/es/docs/category/
tax-identification-nu
mber
  - Broken link on 
source page path = /d
ocs/es/tax-identifica
tion-number/tunisia-t
ax-id-guide:
     -> linking to /d
ocs/es/docs/category/
tax-identification-nu
mber
  - Broken link on 
source page path = /d
ocs/es/tax-identifica
tion-number/turkey-ta
x-id-guide:
     -> linking to /d
ocs/es/docs/category/
tax-identification-nu
mber
  - Broken link on 
source page path = /d
ocs/es/tax-identifica
tion-number/united-ar
ab-emirates-tax-id-gu
ide-uae:
     -> linking to /d
ocs/es/docs/category/
tax-identification-nu
mber
  - Broken link on 
source page path = /d
ocs/es/tax-identifica
tion-number/united-ki
ngdom-tax-id-guide:
     -> linking to /d
ocs/es/docs/category/
tax-identification-nu
mber
  - Broken link on 
source page path = /d
ocs/es/tax-identifica
tion-number/united-st
ates-tax-id-guide:
     -> linking to /d
ocs/es/docs/category/
tax-identification-nu
mber
  - Broken link on 
source page path = /d
ocs/es/tax-identifica
tion-number/Uruguay-t
ax-id-guide:
     -> linking to /d
ocs/es/docs/category/
tax-identification-nu
mber
  - Broken link on 
source page path = /d
ocs/es/tax-identifica
tion-number/uzbekista
n-tax-id-guide:
     -> linking to /d
ocs/es/docs/category/
tax-identification-nu
mber
  - Broken link on 
source page path = /d
ocs/es/tax-identifica
tion-number/venezuela
-tax-id-guide:
     -> linking to /d
ocs/es/docs/category/
tax-identification-nu
mber
  - Broken link on 
source page path = /d
ocs/es/tax-identifica
tion-number/vietnam-t
ax-id-guide:
     -> linking to /d
ocs/es/docs/category/
tax-identification-nu
mber
  - Broken link on 
source page path = /d
ocs/es/vat-threshold-
2022:
     -> linking to /d
ocs/es/docs/category/
tax-identification-nu
mber
  - Broken link on 
source page path = 
/docs/es/vat/germany:
     -> linking to /d
ocs/es/docs/category/
tax-identification-nu
mber
  - Broken link on 
source page path = /d
ocs/es/worldwide-tax-
rates:
     -> linking to /d
ocs/es/docs/category/
tax-identification-nu
mber
  
      at throwError (
C:\Users\abhil\OneDri
ve\Documents\GitHub\l
ookupapp\node_modules
\@docusaurus\logger\l
ib\logger.js:80:11)
      at 
reportBrokenLinks (C:
\Users\abhil\OneDrive
\Documents\GitHub\loo
kupapp\node_modules\@
docusaurus\core\lib\s
erver\brokenLinks.js:
250:47)
      at 
handleBrokenLinks (C:
\Users\abhil\OneDrive
\Documents\GitHub\loo
kupapp\node_modules\@
docusaurus\core\lib\s
erver\brokenLinks.js:
282:5)
      at executeBroke
nLinksCheck (C:\Users
\abhil\OneDrive\Docum
ents\GitHub\lookupapp
\node_modules\@docusa
urus\core\lib\command
s\build\buildLocale.j
s:119:47)
      at C:\Users\abh
il\OneDrive\Documents
\GitHub\lookupapp\nod
e_modules\@docusaurus
\core\lib\commands\bu
ild\buildLocale.js:94
:67
      at 
Object.async (C:\User
s\abhil\OneDrive\Docu
ments\GitHub\lookupap
p\node_modules\@docus
aurus\logger\lib\perf
Logger.js:42:47)
      at buildLocale 
(C:\Users\abhil\OneDr
ive\Documents\GitHub\
lookupapp\node_module
s\@docusaurus\core\li
b\commands\build\buil
dLocale.js:94:31)
      at async 
runBuildLocaleTask (C
:\Users\abhil\OneDriv
e\Documents\GitHub\lo
okupapp\node_modules\
@docusaurus\core\lib\
commands\build\build.
js:98:5)
      at async C:\Use
rs\abhil\OneDrive\Doc
uments\GitHub\lookupa
pp\node_modules\@docu
saurus\core\lib\comma
nds\build\build.js:79
:13
      at async 
tryToBuildLocale (C:\
Users\abhil\OneDrive\
Documents\GitHub\look
upapp\node_modules\@d
ocusaurus\core\lib\co
mmands\build\build.js
:75:9)
}
